[INFO] Scanning for projects...
[INFO] 
[INFO] ---------------------< com.akshat:college_project >---------------------
[INFO] Building college_project 0.0.1-SNAPSHOT
[INFO]   from pom.xml
[INFO] --------------------------------[ jar ]---------------------------------
[INFO] 
[INFO] --- resources:3.3.1:resources (default-resources) @ college_project ---
[INFO] Copying 1 resource from src\main\resources to target\classes
[INFO] Copying 0 resource from src\main\resources to target\classes
[INFO] 
[INFO] --- compiler:3.14.1:compile (default-compile) @ college_project ---
[INFO] Recompiling the module because of changed source code.
[INFO] Compiling 123 source files with javac [debug parameters release 17] to target\classes
[INFO] -------------------------------------------------------------
[ERROR] COMPILATION ERROR : 
[INFO] -------------------------------------------------------------
[ERROR] /C:/Users/renuk/OneDrive/Desktop/NexYug Tech/DPG PROJECT/project management system/college-project-backend/src/main/java/com/akshat/college_project/service/ProjectService.java:[178,32] method sendAssignmentMail in class com.akshat.college_project.service.MailService cannot be applied to given types;
  required: java.lang.String,java.lang.String,java.lang.String
  found:    java.lang.String,finalTitle[...]ject"
  reason: actual and formal argument lists differ in length
[INFO] 1 error
[INFO] -------------------------------------------------------------
[INFO] ------------------------------------------------------------------------
[INFO] BUILD FAILURE
[INFO] ------------------------------------------------------------------------
[INFO] Total time:  10.208 s
[INFO] Finished at: 2026-04-01T21:12:17+05:30
[INFO] ------------------------------------------------------------------------
[ERROR] Failed to execute goal org.apache.maven.plugins:maven-compiler-plugin:3.14.1:compile (default-compile) on project college_project: Compilation failure
[ERROR] /C:/Users/renuk/OneDrive/Desktop/NexYug Tech/DPG PROJECT/project management system/college-project-backend/src/main/java/com/akshat/college_project/service/ProjectService.java:[178,32] method sendAssignmentMail in class com.akshat.college_project.service.MailService cannot be applied to given types;
[ERROR]   required: java.lang.String,java.lang.String,java.lang.String
[ERROR]   found:    java.lang.String,finalTitle[...]ject"
[ERROR]   reason: actual and formal argument lists differ in length
[ERROR] -> [Help 1]
[ERROR] 
[ERROR] To see the full stack trace of the errors, re-run Maven with the -e switch.
[ERROR] Re-run Maven using the -X switch to enable full debug logging.
[ERROR] 
[ERROR] For more information about the errors and possible solutions, please read the following articles:
[ERROR] [Help 1] http://cwiki.apache.org/confluence/display/MAVEN/MojoFailureException
